[0.071s] DEBUG:colcon:Command line arguments: ['/usr/bin/colcon', 'build', '--packages-select', 'person_detector']
[0.071s] DEBUG:colcon:Parsed command line arguments: Namespace(log_base=None, log_level=None, verb_name='build', build_base='build', install_base='install', merge_install=False, symlink_install=False, test_result_base=None, continue_on_error=False, executor='parallel', parallel_workers=8, event_handlers=None, ignore_user_meta=False, metas=['./colcon.meta'], base_paths=['.'], packages_ignore=None, packages_ignore_regex=None, paths=None, packages_up_to=None, packages_up_to_regex=None, packages_above=None, packages_above_and_dependencies=None, packages_above_depth=None, packages_select_by_dep=None, packages_skip_by_dep=None, packages_skip_up_to=None, packages_select_build_failed=False, packages_skip_build_finished=False, packages_select_test_failures=False, packages_skip_test_passed=False, packages_select=['person_detector'], packages_skip=None, packages_select_regex=None, packages_skip_regex=None, packages_start=None, packages_end=None, allow_overriding=[], cmake_args=None, cmake_target=None, cmake_target_skip_unavailable=False, cmake_clean_cache=False, cmake_clean_first=False, cmake_force_configure=False, ament_cmake_args=None, catkin_cmake_args=None, catkin_skip_building_tests=False, mixin_files=None, mixin=None, verb_parser=<colcon_mixin.mixin.mixin_argument.MixinArgumentDecorator object at 0x75414879c910>, verb_extension=<colcon_core.verb.build.BuildVerb object at 0x75414879c310>, main=<bound method BuildVerb.main of <colcon_core.verb.build.BuildVerb object at 0x75414879c310>>, mixin_verb=('build',))
[0.101s] Level 1:colcon.colcon_core.package_discovery:discover_packages(colcon_meta) check parameters
[0.101s] Level 1:colcon.colcon_core.package_discovery:discover_packages(recursive) check parameters
[0.102s] Level 1:colcon.colcon_core.package_discovery:discover_packages(ignore) check parameters
[0.102s] Level 1:colcon.colcon_core.package_discovery:discover_packages(path) check parameters
[0.102s] Level 1:colcon.colcon_core.package_discovery:discover_packages(colcon_meta) discover
[0.102s] Level 1:colcon.colcon_core.package_discovery:discover_packages(recursive) discover
[0.102s] INFO:colcon.colcon_core.package_discovery:Crawling recursively for packages in '/home/kkh/workspace/PersonDetector'
[0.102s] Level 1:colcon.colcon_core.package_identification:_identify(.) by extensions ['ignore', 'ignore_ament_install']
[0.102s] Level 1:colcon.colcon_core.package_identification:_identify(.) by extension 'ignore'
[0.102s] Level 1:colcon.colcon_core.package_identification:_identify(.) by extension 'ignore_ament_install'
[0.102s] Level 1:colcon.colcon_core.package_identification:_identify(.) by extensions ['colcon_pkg']
[0.102s] Level 1:colcon.colcon_core.package_identification:_identify(.) by extension 'colcon_pkg'
[0.102s] Level 1:colcon.colcon_core.package_identification:_identify(.) by extensions ['colcon_meta']
[0.102s] Level 1:colcon.colcon_core.package_identification:_identify(.) by extension 'colcon_meta'
[0.102s] Level 1:colcon.colcon_core.package_identification:_identify(.) by extensions ['ros']
[0.102s] Level 1:colcon.colcon_core.package_identification:_identify(.) by extension 'ros'
[0.111s] Level 1:colcon.colcon_core.package_identification:_identify(.) by extensions ['cmake', 'python']
[0.111s] Level 1:colcon.colcon_core.package_identification:_identify(.) by extension 'cmake'
[0.111s] Level 1:colcon.colcon_core.package_identification:_identify(.) by extension 'python'
[0.111s] Level 1:colcon.colcon_core.package_identification:_identify(.) by extensions ['python_setup_py']
[0.111s] Level 1:colcon.colcon_core.package_identification:_identify(.) by extension 'python_setup_py'
[0.111s] Level 1:colcon.colcon_core.package_identification:_identify(build) by extensions ['ignore', 'ignore_ament_install']
[0.111s] Level 1:colcon.colcon_core.package_identification:_identify(build) by extension 'ignore'
[0.111s] Level 1:colcon.colcon_core.package_identification:_identify(build) ignored
[0.111s] Level 1:colcon.colcon_core.package_identification:_identify(follow_master) by extensions ['ignore', 'ignore_ament_install']
[0.111s] Level 1:colcon.colcon_core.package_identification:_identify(follow_master) by extension 'ignore'
[0.111s] Level 1:colcon.colcon_core.package_identification:_identify(follow_master) by extension 'ignore_ament_install'
[0.111s] Level 1:colcon.colcon_core.package_identification:_identify(follow_master) by extensions ['colcon_pkg']
[0.111s] Level 1:colcon.colcon_core.package_identification:_identify(follow_master) by extension 'colcon_pkg'
[0.111s] Level 1:colcon.colcon_core.package_identification:_identify(follow_master) by extensions ['colcon_meta']
[0.111s] Level 1:colcon.colcon_core.package_identification:_identify(follow_master) by extension 'colcon_meta'
[0.111s] Level 1:colcon.colcon_core.package_identification:_identify(follow_master) by extensions ['ros']
[0.111s] Level 1:colcon.colcon_core.package_identification:_identify(follow_master) by extension 'ros'
[0.111s] Level 1:colcon.colcon_core.package_identification:_identify(follow_master) by extensions ['cmake', 'python']
[0.111s] Level 1:colcon.colcon_core.package_identification:_identify(follow_master) by extension 'cmake'
[0.112s] Level 1:colcon.colcon_core.package_identification:_identify(follow_master) by extension 'python'
[0.112s] Level 1:colcon.colcon_core.package_identification:_identify(follow_master) by extensions ['python_setup_py']
[0.112s] Level 1:colcon.colcon_core.package_identification:_identify(follow_master) by extension 'python_setup_py'
[0.112s] Level 1:colcon.colcon_core.package_identification:_identify(follow_master/app) by extensions ['ignore', 'ignore_ament_install']
[0.112s] Level 1:colcon.colcon_core.package_identification:_identify(follow_master/app) by extension 'ignore'
[0.112s] Level 1:colcon.colcon_core.package_identification:_identify(follow_master/app) by extension 'ignore_ament_install'
[0.112s] Level 1:colcon.colcon_core.package_identification:_identify(follow_master/app) by extensions ['colcon_pkg']
[0.112s] Level 1:colcon.colcon_core.package_identification:_identify(follow_master/app) by extension 'colcon_pkg'
[0.112s] Level 1:colcon.colcon_core.package_identification:_identify(follow_master/app) by extensions ['colcon_meta']
[0.112s] Level 1:colcon.colcon_core.package_identification:_identify(follow_master/app) by extension 'colcon_meta'
[0.112s] Level 1:colcon.colcon_core.package_identification:_identify(follow_master/app) by extensions ['ros']
[0.112s] Level 1:colcon.colcon_core.package_identification:_identify(follow_master/app) by extension 'ros'
[0.112s] Level 1:colcon.colcon_core.package_identification:_identify(follow_master/app) by extensions ['cmake', 'python']
[0.112s] Level 1:colcon.colcon_core.package_identification:_identify(follow_master/app) by extension 'cmake'
[0.112s] Level 1:colcon.colcon_core.package_identification:_identify(follow_master/app) by extension 'python'
[0.112s] Level 1:colcon.colcon_core.package_identification:_identify(follow_master/app) by extensions ['python_setup_py']
[0.112s] Level 1:colcon.colcon_core.package_identification:_identify(follow_master/app) by extension 'python_setup_py'
[0.112s] Level 1:colcon.colcon_core.package_identification:_identify(follow_master/app/build) by extensions ['ignore', 'ignore_ament_install']
[0.112s] Level 1:colcon.colcon_core.package_identification:_identify(follow_master/app/build) by extension 'ignore'
[0.112s] Level 1:colcon.colcon_core.package_identification:_identify(follow_master/app/build) ignored
[0.112s] Level 1:colcon.colcon_core.package_identification:_identify(follow_master/app/deep-person-reid) by extensions ['ignore', 'ignore_ament_install']
[0.112s] Level 1:colcon.colcon_core.package_identification:_identify(follow_master/app/deep-person-reid) by extension 'ignore'
[0.112s] Level 1:colcon.colcon_core.package_identification:_identify(follow_master/app/deep-person-reid) by extension 'ignore_ament_install'
[0.112s] Level 1:colcon.colcon_core.package_identification:_identify(follow_master/app/deep-person-reid) by extensions ['colcon_pkg']
[0.112s] Level 1:colcon.colcon_core.package_identification:_identify(follow_master/app/deep-person-reid) by extension 'colcon_pkg'
[0.112s] Level 1:colcon.colcon_core.package_identification:_identify(follow_master/app/deep-person-reid) by extensions ['colcon_meta']
[0.112s] Level 1:colcon.colcon_core.package_identification:_identify(follow_master/app/deep-person-reid) by extension 'colcon_meta'
[0.112s] Level 1:colcon.colcon_core.package_identification:_identify(follow_master/app/deep-person-reid) by extensions ['ros']
[0.112s] Level 1:colcon.colcon_core.package_identification:_identify(follow_master/app/deep-person-reid) by extension 'ros'
[0.112s] Level 1:colcon.colcon_core.package_identification:_identify(follow_master/app/deep-person-reid) by extensions ['cmake', 'python']
[0.112s] Level 1:colcon.colcon_core.package_identification:_identify(follow_master/app/deep-person-reid) by extension 'cmake'
[0.112s] Level 1:colcon.colcon_core.package_identification:_identify(follow_master/app/deep-person-reid) by extension 'python'
[0.112s] Level 1:colcon.colcon_core.package_identification:_identify(follow_master/app/deep-person-reid) by extensions ['python_setup_py']
[0.112s] Level 1:colcon.colcon_core.package_identification:_identify(follow_master/app/deep-person-reid) by extension 'python_setup_py'
[0.112s] Level 1:colcon.colcon_core.package_identification:_identify(follow_master/app/install) by extensions ['ignore', 'ignore_ament_install']
[0.112s] Level 1:colcon.colcon_core.package_identification:_identify(follow_master/app/install) by extension 'ignore'
[0.113s] Level 1:colcon.colcon_core.package_identification:_identify(follow_master/app/install) ignored
[0.113s] Level 1:colcon.colcon_core.package_identification:_identify(follow_master/app/libs) by extensions ['ignore', 'ignore_ament_install']
[0.113s] Level 1:colcon.colcon_core.package_identification:_identify(follow_master/app/libs) by extension 'ignore'
[0.113s] Level 1:colcon.colcon_core.package_identification:_identify(follow_master/app/libs) by extension 'ignore_ament_install'
[0.113s] Level 1:colcon.colcon_core.package_identification:_identify(follow_master/app/libs) by extensions ['colcon_pkg']
[0.113s] Level 1:colcon.colcon_core.package_identification:_identify(follow_master/app/libs) by extension 'colcon_pkg'
[0.113s] Level 1:colcon.colcon_core.package_identification:_identify(follow_master/app/libs) by extensions ['colcon_meta']
[0.113s] Level 1:colcon.colcon_core.package_identification:_identify(follow_master/app/libs) by extension 'colcon_meta'
[0.113s] Level 1:colcon.colcon_core.package_identification:_identify(follow_master/app/libs) by extensions ['ros']
[0.113s] Level 1:colcon.colcon_core.package_identification:_identify(follow_master/app/libs) by extension 'ros'
[0.113s] Level 1:colcon.colcon_core.package_identification:_identify(follow_master/app/libs) by extensions ['cmake', 'python']
[0.113s] Level 1:colcon.colcon_core.package_identification:_identify(follow_master/app/libs) by extension 'cmake'
[0.113s] Level 1:colcon.colcon_core.package_identification:_identify(follow_master/app/libs) by extension 'python'
[0.113s] Level 1:colcon.colcon_core.package_identification:_identify(follow_master/app/libs) by extensions ['python_setup_py']
[0.113s] Level 1:colcon.colcon_core.package_identification:_identify(follow_master/app/libs) by extension 'python_setup_py'
[0.113s] Level 1:colcon.colcon_core.package_identification:_identify(follow_master/app/log) by extensions ['ignore', 'ignore_ament_install']
[0.113s] Level 1:colcon.colcon_core.package_identification:_identify(follow_master/app/log) by extension 'ignore'
[0.113s] Level 1:colcon.colcon_core.package_identification:_identify(follow_master/app/log) ignored
[0.113s] Level 1:colcon.colcon_core.package_identification:_identify(follow_master/app/src) by extensions ['ignore', 'ignore_ament_install']
[0.113s] Level 1:colcon.colcon_core.package_identification:_identify(follow_master/app/src) by extension 'ignore'
[0.113s] Level 1:colcon.colcon_core.package_identification:_identify(follow_master/app/src) by extension 'ignore_ament_install'
[0.113s] Level 1:colcon.colcon_core.package_identification:_identify(follow_master/app/src) by extensions ['colcon_pkg']
[0.113s] Level 1:colcon.colcon_core.package_identification:_identify(follow_master/app/src) by extension 'colcon_pkg'
[0.113s] Level 1:colcon.colcon_core.package_identification:_identify(follow_master/app/src) by extensions ['colcon_meta']
[0.113s] Level 1:colcon.colcon_core.package_identification:_identify(follow_master/app/src) by extension 'colcon_meta'
[0.113s] Level 1:colcon.colcon_core.package_identification:_identify(follow_master/app/src) by extensions ['ros']
[0.113s] Level 1:colcon.colcon_core.package_identification:_identify(follow_master/app/src) by extension 'ros'
[0.113s] Level 1:colcon.colcon_core.package_identification:_identify(follow_master/app/src) by extensions ['cmake', 'python']
[0.113s] Level 1:colcon.colcon_core.package_identification:_identify(follow_master/app/src) by extension 'cmake'
[0.113s] Level 1:colcon.colcon_core.package_identification:_identify(follow_master/app/src) by extension 'python'
[0.113s] Level 1:colcon.colcon_core.package_identification:_identify(follow_master/app/src) by extensions ['python_setup_py']
[0.113s] Level 1:colcon.colcon_core.package_identification:_identify(follow_master/app/src) by extension 'python_setup_py'
[0.113s] Level 1:colcon.colcon_core.package_identification:_identify(follow_master/app/src/sample) by extensions ['ignore', 'ignore_ament_install']
[0.113s] Level 1:colcon.colcon_core.package_identification:_identify(follow_master/app/src/sample) by extension 'ignore'
[0.113s] Level 1:colcon.colcon_core.package_identification:_identify(follow_master/app/src/sample) by extension 'ignore_ament_install'
[0.113s] Level 1:colcon.colcon_core.package_identification:_identify(follow_master/app/src/sample) by extensions ['colcon_pkg']
[0.114s] Level 1:colcon.colcon_core.package_identification:_identify(follow_master/app/src/sample) by extension 'colcon_pkg'
[0.114s] Level 1:colcon.colcon_core.package_identification:_identify(follow_master/app/src/sample) by extensions ['colcon_meta']
[0.114s] Level 1:colcon.colcon_core.package_identification:_identify(follow_master/app/src/sample) by extension 'colcon_meta'
[0.114s] Level 1:colcon.colcon_core.package_identification:_identify(follow_master/app/src/sample) by extensions ['ros']
[0.114s] Level 1:colcon.colcon_core.package_identification:_identify(follow_master/app/src/sample) by extension 'ros'
[0.114s] Level 1:colcon.colcon_core.package_identification:_identify(follow_master/app/src/sample) by extensions ['cmake', 'python']
[0.114s] Level 1:colcon.colcon_core.package_identification:_identify(follow_master/app/src/sample) by extension 'cmake'
[0.114s] Level 1:colcon.colcon_core.package_identification:_identify(follow_master/app/src/sample) by extension 'python'
[0.114s] Level 1:colcon.colcon_core.package_identification:_identify(follow_master/app/src/sample) by extensions ['python_setup_py']
[0.114s] Level 1:colcon.colcon_core.package_identification:_identify(follow_master/app/src/sample) by extension 'python_setup_py'
[0.114s] Level 1:colcon.colcon_core.package_identification:_identify(follow_master/app/src/templates) by extensions ['ignore', 'ignore_ament_install']
[0.114s] Level 1:colcon.colcon_core.package_identification:_identify(follow_master/app/src/templates) by extension 'ignore'
[0.114s] Level 1:colcon.colcon_core.package_identification:_identify(follow_master/app/src/templates) by extension 'ignore_ament_install'
[0.114s] Level 1:colcon.colcon_core.package_identification:_identify(follow_master/app/src/templates) by extensions ['colcon_pkg']
[0.114s] Level 1:colcon.colcon_core.package_identification:_identify(follow_master/app/src/templates) by extension 'colcon_pkg'
[0.114s] Level 1:colcon.colcon_core.package_identification:_identify(follow_master/app/src/templates) by extensions ['colcon_meta']
[0.114s] Level 1:colcon.colcon_core.package_identification:_identify(follow_master/app/src/templates) by extension 'colcon_meta'
[0.114s] Level 1:colcon.colcon_core.package_identification:_identify(follow_master/app/src/templates) by extensions ['ros']
[0.114s] Level 1:colcon.colcon_core.package_identification:_identify(follow_master/app/src/templates) by extension 'ros'
[0.114s] Level 1:colcon.colcon_core.package_identification:_identify(follow_master/app/src/templates) by extensions ['cmake', 'python']
[0.114s] Level 1:colcon.colcon_core.package_identification:_identify(follow_master/app/src/templates) by extension 'cmake'
[0.114s] Level 1:colcon.colcon_core.package_identification:_identify(follow_master/app/src/templates) by extension 'python'
[0.114s] Level 1:colcon.colcon_core.package_identification:_identify(follow_master/app/src/templates) by extensions ['python_setup_py']
[0.114s] Level 1:colcon.colcon_core.package_identification:_identify(follow_master/app/src/templates) by extension 'python_setup_py'
[0.114s] Level 1:colcon.colcon_core.package_identification:_identify(follow_master/app/src/weights) by extensions ['ignore', 'ignore_ament_install']
[0.114s] Level 1:colcon.colcon_core.package_identification:_identify(follow_master/app/src/weights) by extension 'ignore'
[0.114s] Level 1:colcon.colcon_core.package_identification:_identify(follow_master/app/src/weights) by extension 'ignore_ament_install'
[0.114s] Level 1:colcon.colcon_core.package_identification:_identify(follow_master/app/src/weights) by extensions ['colcon_pkg']
[0.114s] Level 1:colcon.colcon_core.package_identification:_identify(follow_master/app/src/weights) by extension 'colcon_pkg'
[0.114s] Level 1:colcon.colcon_core.package_identification:_identify(follow_master/app/src/weights) by extensions ['colcon_meta']
[0.114s] Level 1:colcon.colcon_core.package_identification:_identify(follow_master/app/src/weights) by extension 'colcon_meta'
[0.114s] Level 1:colcon.colcon_core.package_identification:_identify(follow_master/app/src/weights) by extensions ['ros']
[0.114s] Level 1:colcon.colcon_core.package_identification:_identify(follow_master/app/src/weights) by extension 'ros'
[0.114s] Level 1:colcon.colcon_core.package_identification:_identify(follow_master/app/src/weights) by extensions ['cmake', 'python']
[0.114s] Level 1:colcon.colcon_core.package_identification:_identify(follow_master/app/src/weights) by extension 'cmake'
[0.114s] Level 1:colcon.colcon_core.package_identification:_identify(follow_master/app/src/weights) by extension 'python'
[0.114s] Level 1:colcon.colcon_core.package_identification:_identify(follow_master/app/src/weights) by extensions ['python_setup_py']
[0.114s] Level 1:colcon.colcon_core.package_identification:_identify(follow_master/app/src/weights) by extension 'python_setup_py'
[0.114s] Level 1:colcon.colcon_core.package_identification:_identify(follow_master/docker) by extensions ['ignore', 'ignore_ament_install']
[0.115s] Level 1:colcon.colcon_core.package_identification:_identify(follow_master/docker) by extension 'ignore'
[0.115s] Level 1:colcon.colcon_core.package_identification:_identify(follow_master/docker) by extension 'ignore_ament_install'
[0.115s] Level 1:colcon.colcon_core.package_identification:_identify(follow_master/docker) by extensions ['colcon_pkg']
[0.115s] Level 1:colcon.colcon_core.package_identification:_identify(follow_master/docker) by extension 'colcon_pkg'
[0.115s] Level 1:colcon.colcon_core.package_identification:_identify(follow_master/docker) by extensions ['colcon_meta']
[0.115s] Level 1:colcon.colcon_core.package_identification:_identify(follow_master/docker) by extension 'colcon_meta'
[0.115s] Level 1:colcon.colcon_core.package_identification:_identify(follow_master/docker) by extensions ['ros']
[0.115s] Level 1:colcon.colcon_core.package_identification:_identify(follow_master/docker) by extension 'ros'
[0.115s] Level 1:colcon.colcon_core.package_identification:_identify(follow_master/docker) by extensions ['cmake', 'python']
[0.115s] Level 1:colcon.colcon_core.package_identification:_identify(follow_master/docker) by extension 'cmake'
[0.115s] Level 1:colcon.colcon_core.package_identification:_identify(follow_master/docker) by extension 'python'
[0.115s] Level 1:colcon.colcon_core.package_identification:_identify(follow_master/docker) by extensions ['python_setup_py']
[0.115s] Level 1:colcon.colcon_core.package_identification:_identify(follow_master/docker) by extension 'python_setup_py'
[0.115s] Level 1:colcon.colcon_core.package_identification:_identify(follow_master/follow_ws) by extensions ['ignore', 'ignore_ament_install']
[0.115s] Level 1:colcon.colcon_core.package_identification:_identify(follow_master/follow_ws) by extension 'ignore'
[0.115s] Level 1:colcon.colcon_core.package_identification:_identify(follow_master/follow_ws) by extension 'ignore_ament_install'
[0.115s] Level 1:colcon.colcon_core.package_identification:_identify(follow_master/follow_ws) by extensions ['colcon_pkg']
[0.115s] Level 1:colcon.colcon_core.package_identification:_identify(follow_master/follow_ws) by extension 'colcon_pkg'
[0.115s] Level 1:colcon.colcon_core.package_identification:_identify(follow_master/follow_ws) by extensions ['colcon_meta']
[0.115s] Level 1:colcon.colcon_core.package_identification:_identify(follow_master/follow_ws) by extension 'colcon_meta'
[0.115s] Level 1:colcon.colcon_core.package_identification:_identify(follow_master/follow_ws) by extensions ['ros']
[0.115s] Level 1:colcon.colcon_core.package_identification:_identify(follow_master/follow_ws) by extension 'ros'
[0.115s] Level 1:colcon.colcon_core.package_identification:_identify(follow_master/follow_ws) by extensions ['cmake', 'python']
[0.115s] Level 1:colcon.colcon_core.package_identification:_identify(follow_master/follow_ws) by extension 'cmake'
[0.115s] Level 1:colcon.colcon_core.package_identification:_identify(follow_master/follow_ws) by extension 'python'
[0.115s] Level 1:colcon.colcon_core.package_identification:_identify(follow_master/follow_ws) by extensions ['python_setup_py']
[0.115s] Level 1:colcon.colcon_core.package_identification:_identify(follow_master/follow_ws) by extension 'python_setup_py'
[0.115s] Level 1:colcon.colcon_core.package_identification:_identify(follow_master/test) by extensions ['ignore', 'ignore_ament_install']
[0.115s] Level 1:colcon.colcon_core.package_identification:_identify(follow_master/test) by extension 'ignore'
[0.115s] Level 1:colcon.colcon_core.package_identification:_identify(follow_master/test) by extension 'ignore_ament_install'
[0.115s] Level 1:colcon.colcon_core.package_identification:_identify(follow_master/test) by extensions ['colcon_pkg']
[0.115s] Level 1:colcon.colcon_core.package_identification:_identify(follow_master/test) by extension 'colcon_pkg'
[0.115s] Level 1:colcon.colcon_core.package_identification:_identify(follow_master/test) by extensions ['colcon_meta']
[0.115s] Level 1:colcon.colcon_core.package_identification:_identify(follow_master/test) by extension 'colcon_meta'
[0.115s] Level 1:colcon.colcon_core.package_identification:_identify(follow_master/test) by extensions ['ros']
[0.115s] Level 1:colcon.colcon_core.package_identification:_identify(follow_master/test) by extension 'ros'
[0.115s] Level 1:colcon.colcon_core.package_identification:_identify(follow_master/test) by extensions ['cmake', 'python']
[0.115s] Level 1:colcon.colcon_core.package_identification:_identify(follow_master/test) by extension 'cmake'
[0.115s] Level 1:colcon.colcon_core.package_identification:_identify(follow_master/test) by extension 'python'
[0.115s] Level 1:colcon.colcon_core.package_identification:_identify(follow_master/test) by extensions ['python_setup_py']
[0.116s] Level 1:colcon.colcon_core.package_identification:_identify(follow_master/test) by extension 'python_setup_py'
[0.116s] Level 1:colcon.colcon_core.package_identification:_identify(follow_master/test/templates) by extensions ['ignore', 'ignore_ament_install']
[0.116s] Level 1:colcon.colcon_core.package_identification:_identify(follow_master/test/templates) by extension 'ignore'
[0.116s] Level 1:colcon.colcon_core.package_identification:_identify(follow_master/test/templates) by extension 'ignore_ament_install'
[0.116s] Level 1:colcon.colcon_core.package_identification:_identify(follow_master/test/templates) by extensions ['colcon_pkg']
[0.116s] Level 1:colcon.colcon_core.package_identification:_identify(follow_master/test/templates) by extension 'colcon_pkg'
[0.116s] Level 1:colcon.colcon_core.package_identification:_identify(follow_master/test/templates) by extensions ['colcon_meta']
[0.116s] Level 1:colcon.colcon_core.package_identification:_identify(follow_master/test/templates) by extension 'colcon_meta'
[0.116s] Level 1:colcon.colcon_core.package_identification:_identify(follow_master/test/templates) by extensions ['ros']
[0.116s] Level 1:colcon.colcon_core.package_identification:_identify(follow_master/test/templates) by extension 'ros'
[0.116s] Level 1:colcon.colcon_core.package_identification:_identify(follow_master/test/templates) by extensions ['cmake', 'python']
[0.116s] Level 1:colcon.colcon_core.package_identification:_identify(follow_master/test/templates) by extension 'cmake'
[0.116s] Level 1:colcon.colcon_core.package_identification:_identify(follow_master/test/templates) by extension 'python'
[0.116s] Level 1:colcon.colcon_core.package_identification:_identify(follow_master/test/templates) by extensions ['python_setup_py']
[0.116s] Level 1:colcon.colcon_core.package_identification:_identify(follow_master/test/templates) by extension 'python_setup_py'
[0.116s] Level 1:colcon.colcon_core.package_identification:_identify(follow_master/uwb) by extensions ['ignore', 'ignore_ament_install']
[0.116s] Level 1:colcon.colcon_core.package_identification:_identify(follow_master/uwb) by extension 'ignore'
[0.116s] Level 1:colcon.colcon_core.package_identification:_identify(follow_master/uwb) by extension 'ignore_ament_install'
[0.116s] Level 1:colcon.colcon_core.package_identification:_identify(follow_master/uwb) by extensions ['colcon_pkg']
[0.116s] Level 1:colcon.colcon_core.package_identification:_identify(follow_master/uwb) by extension 'colcon_pkg'
[0.116s] Level 1:colcon.colcon_core.package_identification:_identify(follow_master/uwb) by extensions ['colcon_meta']
[0.116s] Level 1:colcon.colcon_core.package_identification:_identify(follow_master/uwb) by extension 'colcon_meta'
[0.116s] Level 1:colcon.colcon_core.package_identification:_identify(follow_master/uwb) by extensions ['ros']
[0.116s] Level 1:colcon.colcon_core.package_identification:_identify(follow_master/uwb) by extension 'ros'
[0.116s] Level 1:colcon.colcon_core.package_identification:_identify(follow_master/uwb) by extensions ['cmake', 'python']
[0.116s] Level 1:colcon.colcon_core.package_identification:_identify(follow_master/uwb) by extension 'cmake'
[0.116s] Level 1:colcon.colcon_core.package_identification:_identify(follow_master/uwb) by extension 'python'
[0.116s] Level 1:colcon.colcon_core.package_identification:_identify(follow_master/uwb) by extensions ['python_setup_py']
[0.116s] Level 1:colcon.colcon_core.package_identification:_identify(follow_master/uwb) by extension 'python_setup_py'
[0.116s] Level 1:colcon.colcon_core.package_identification:_identify(follow_master/uwb/data) by extensions ['ignore', 'ignore_ament_install']
[0.116s] Level 1:colcon.colcon_core.package_identification:_identify(follow_master/uwb/data) by extension 'ignore'
[0.116s] Level 1:colcon.colcon_core.package_identification:_identify(follow_master/uwb/data) by extension 'ignore_ament_install'
[0.116s] Level 1:colcon.colcon_core.package_identification:_identify(follow_master/uwb/data) by extensions ['colcon_pkg']
[0.116s] Level 1:colcon.colcon_core.package_identification:_identify(follow_master/uwb/data) by extension 'colcon_pkg'
[0.116s] Level 1:colcon.colcon_core.package_identification:_identify(follow_master/uwb/data) by extensions ['colcon_meta']
[0.116s] Level 1:colcon.colcon_core.package_identification:_identify(follow_master/uwb/data) by extension 'colcon_meta'
[0.116s] Level 1:colcon.colcon_core.package_identification:_identify(follow_master/uwb/data) by extensions ['ros']
[0.116s] Level 1:colcon.colcon_core.package_identification:_identify(follow_master/uwb/data) by extension 'ros'
[0.117s] Level 1:colcon.colcon_core.package_identification:_identify(follow_master/uwb/data) by extensions ['cmake', 'python']
[0.117s] Level 1:colcon.colcon_core.package_identification:_identify(follow_master/uwb/data) by extension 'cmake'
[0.117s] Level 1:colcon.colcon_core.package_identification:_identify(follow_master/uwb/data) by extension 'python'
[0.117s] Level 1:colcon.colcon_core.package_identification:_identify(follow_master/uwb/data) by extensions ['python_setup_py']
[0.117s] Level 1:colcon.colcon_core.package_identification:_identify(follow_master/uwb/data) by extension 'python_setup_py'
[0.117s] Level 1:colcon.colcon_core.package_identification:_identify(follow_master/uwb/src) by extensions ['ignore', 'ignore_ament_install']
[0.117s] Level 1:colcon.colcon_core.package_identification:_identify(follow_master/uwb/src) by extension 'ignore'
[0.117s] Level 1:colcon.colcon_core.package_identification:_identify(follow_master/uwb/src) by extension 'ignore_ament_install'
[0.117s] Level 1:colcon.colcon_core.package_identification:_identify(follow_master/uwb/src) by extensions ['colcon_pkg']
[0.117s] Level 1:colcon.colcon_core.package_identification:_identify(follow_master/uwb/src) by extension 'colcon_pkg'
[0.117s] Level 1:colcon.colcon_core.package_identification:_identify(follow_master/uwb/src) by extensions ['colcon_meta']
[0.117s] Level 1:colcon.colcon_core.package_identification:_identify(follow_master/uwb/src) by extension 'colcon_meta'
[0.117s] Level 1:colcon.colcon_core.package_identification:_identify(follow_master/uwb/src) by extensions ['ros']
[0.117s] Level 1:colcon.colcon_core.package_identification:_identify(follow_master/uwb/src) by extension 'ros'
[0.117s] Level 1:colcon.colcon_core.package_identification:_identify(follow_master/uwb/src) by extensions ['cmake', 'python']
[0.117s] Level 1:colcon.colcon_core.package_identification:_identify(follow_master/uwb/src) by extension 'cmake'
[0.117s] Level 1:colcon.colcon_core.package_identification:_identify(follow_master/uwb/src) by extension 'python'
[0.117s] Level 1:colcon.colcon_core.package_identification:_identify(follow_master/uwb/src) by extensions ['python_setup_py']
[0.117s] Level 1:colcon.colcon_core.package_identification:_identify(follow_master/uwb/src) by extension 'python_setup_py'
[0.117s] Level 1:colcon.colcon_core.package_identification:_identify(follow_master/uwb/src/ces_interfaces) by extensions ['ignore', 'ignore_ament_install']
[0.117s] Level 1:colcon.colcon_core.package_identification:_identify(follow_master/uwb/src/ces_interfaces) by extension 'ignore'
[0.117s] Level 1:colcon.colcon_core.package_identification:_identify(follow_master/uwb/src/ces_interfaces) by extension 'ignore_ament_install'
[0.117s] Level 1:colcon.colcon_core.package_identification:_identify(follow_master/uwb/src/ces_interfaces) by extensions ['colcon_pkg']
[0.117s] Level 1:colcon.colcon_core.package_identification:_identify(follow_master/uwb/src/ces_interfaces) by extension 'colcon_pkg'
[0.117s] Level 1:colcon.colcon_core.package_identification:_identify(follow_master/uwb/src/ces_interfaces) by extensions ['colcon_meta']
[0.117s] Level 1:colcon.colcon_core.package_identification:_identify(follow_master/uwb/src/ces_interfaces) by extension 'colcon_meta'
[0.117s] Level 1:colcon.colcon_core.package_identification:_identify(follow_master/uwb/src/ces_interfaces) by extensions ['ros']
[0.117s] Level 1:colcon.colcon_core.package_identification:_identify(follow_master/uwb/src/ces_interfaces) by extension 'ros'
[0.119s] DEBUG:colcon.colcon_core.package_identification:Package 'follow_master/uwb/src/ces_interfaces' with type 'ros.ament_cmake' and name 'ces_interfaces'
[0.119s] Level 1:colcon.colcon_core.package_identification:_identify(follow_master/uwb/src/uwb_data_receiver) by extensions ['ignore', 'ignore_ament_install']
[0.119s] Level 1:colcon.colcon_core.package_identification:_identify(follow_master/uwb/src/uwb_data_receiver) by extension 'ignore'
[0.119s] Level 1:colcon.colcon_core.package_identification:_identify(follow_master/uwb/src/uwb_data_receiver) by extension 'ignore_ament_install'
[0.119s] Level 1:colcon.colcon_core.package_identification:_identify(follow_master/uwb/src/uwb_data_receiver) by extensions ['colcon_pkg']
[0.119s] Level 1:colcon.colcon_core.package_identification:_identify(follow_master/uwb/src/uwb_data_receiver) by extension 'colcon_pkg'
[0.119s] Level 1:colcon.colcon_core.package_identification:_identify(follow_master/uwb/src/uwb_data_receiver) by extensions ['colcon_meta']
[0.119s] Level 1:colcon.colcon_core.package_identification:_identify(follow_master/uwb/src/uwb_data_receiver) by extension 'colcon_meta'
[0.119s] Level 1:colcon.colcon_core.package_identification:_identify(follow_master/uwb/src/uwb_data_receiver) by extensions ['ros']
[0.119s] Level 1:colcon.colcon_core.package_identification:_identify(follow_master/uwb/src/uwb_data_receiver) by extension 'ros'
[0.120s] DEBUG:colcon.colcon_core.package_identification:Package 'follow_master/uwb/src/uwb_data_receiver' with type 'ros.ament_python' and name 'uwb_data_receiver'
[0.120s] Level 1:colcon.colcon_core.package_identification:_identify(follow_master/uwb/test_src) by extensions ['ignore', 'ignore_ament_install']
[0.120s] Level 1:colcon.colcon_core.package_identification:_identify(follow_master/uwb/test_src) by extension 'ignore'
[0.120s] Level 1:colcon.colcon_core.package_identification:_identify(follow_master/uwb/test_src) by extension 'ignore_ament_install'
[0.120s] Level 1:colcon.colcon_core.package_identification:_identify(follow_master/uwb/test_src) by extensions ['colcon_pkg']
[0.120s] Level 1:colcon.colcon_core.package_identification:_identify(follow_master/uwb/test_src) by extension 'colcon_pkg'
[0.120s] Level 1:colcon.colcon_core.package_identification:_identify(follow_master/uwb/test_src) by extensions ['colcon_meta']
[0.120s] Level 1:colcon.colcon_core.package_identification:_identify(follow_master/uwb/test_src) by extension 'colcon_meta'
[0.120s] Level 1:colcon.colcon_core.package_identification:_identify(follow_master/uwb/test_src) by extensions ['ros']
[0.120s] Level 1:colcon.colcon_core.package_identification:_identify(follow_master/uwb/test_src) by extension 'ros'
[0.120s] Level 1:colcon.colcon_core.package_identification:_identify(follow_master/uwb/test_src) by extensions ['cmake', 'python']
[0.120s] Level 1:colcon.colcon_core.package_identification:_identify(follow_master/uwb/test_src) by extension 'cmake'
[0.120s] Level 1:colcon.colcon_core.package_identification:_identify(follow_master/uwb/test_src) by extension 'python'
[0.120s] Level 1:colcon.colcon_core.package_identification:_identify(follow_master/uwb/test_src) by extensions ['python_setup_py']
[0.120s] Level 1:colcon.colcon_core.package_identification:_identify(follow_master/uwb/test_src) by extension 'python_setup_py'
[0.120s] Level 1:colcon.colcon_core.package_identification:_identify(install) by extensions ['ignore', 'ignore_ament_install']
[0.120s] Level 1:colcon.colcon_core.package_identification:_identify(install) by extension 'ignore'
[0.120s] Level 1:colcon.colcon_core.package_identification:_identify(install) ignored
[0.120s] Level 1:colcon.colcon_core.package_identification:_identify(log) by extensions ['ignore', 'ignore_ament_install']
[0.120s] Level 1:colcon.colcon_core.package_identification:_identify(log) by extension 'ignore'
[0.120s] Level 1:colcon.colcon_core.package_identification:_identify(log) ignored
[0.120s] Level 1:colcon.colcon_core.package_identification:_identify(person_detector) by extensions ['ignore', 'ignore_ament_install']
[0.120s] Level 1:colcon.colcon_core.package_identification:_identify(person_detector) by extension 'ignore'
[0.120s] Level 1:colcon.colcon_core.package_identification:_identify(person_detector) by extension 'ignore_ament_install'
[0.120s] Level 1:colcon.colcon_core.package_identification:_identify(person_detector) by extensions ['colcon_pkg']
[0.120s] Level 1:colcon.colcon_core.package_identification:_identify(person_detector) by extension 'colcon_pkg'
[0.121s] Level 1:colcon.colcon_core.package_identification:_identify(person_detector) by extensions ['colcon_meta']
[0.121s] Level 1:colcon.colcon_core.package_identification:_identify(person_detector) by extension 'colcon_meta'
[0.121s] Level 1:colcon.colcon_core.package_identification:_identify(person_detector) by extensions ['ros']
[0.121s] Level 1:colcon.colcon_core.package_identification:_identify(person_detector) by extension 'ros'
[0.121s] Level 1:colcon.colcon_core.package_identification:_identify(person_detector) by extensions ['cmake', 'python']
[0.121s] Level 1:colcon.colcon_core.package_identification:_identify(person_detector) by extension 'cmake'
[0.121s] Level 1:colcon.colcon_core.package_identification:_identify(person_detector) by extension 'python'
[0.121s] Level 1:colcon.colcon_core.package_identification:_identify(person_detector) by extensions ['python_setup_py']
[0.121s] Level 1:colcon.colcon_core.package_identification:_identify(person_detector) by extension 'python_setup_py'
[0.121s] Level 1:colcon.colcon_core.package_identification:_identify(person_detector/build) by extensions ['ignore', 'ignore_ament_install']
[0.121s] Level 1:colcon.colcon_core.package_identification:_identify(person_detector/build) by extension 'ignore'
[0.121s] Level 1:colcon.colcon_core.package_identification:_identify(person_detector/build) ignored
[0.121s] Level 1:colcon.colcon_core.package_identification:_identify(person_detector/install) by extensions ['ignore', 'ignore_ament_install']
[0.121s] Level 1:colcon.colcon_core.package_identification:_identify(person_detector/install) by extension 'ignore'
[0.121s] Level 1:colcon.colcon_core.package_identification:_identify(person_detector/install) ignored
[0.121s] Level 1:colcon.colcon_core.package_identification:_identify(person_detector/log) by extensions ['ignore', 'ignore_ament_install']
[0.121s] Level 1:colcon.colcon_core.package_identification:_identify(person_detector/log) by extension 'ignore'
[0.121s] Level 1:colcon.colcon_core.package_identification:_identify(person_detector/log) ignored
[0.121s] Level 1:colcon.colcon_core.package_identification:_identify(person_detector/src) by extensions ['ignore', 'ignore_ament_install']
[0.121s] Level 1:colcon.colcon_core.package_identification:_identify(person_detector/src) by extension 'ignore'
[0.121s] Level 1:colcon.colcon_core.package_identification:_identify(person_detector/src) by extension 'ignore_ament_install'
[0.121s] Level 1:colcon.colcon_core.package_identification:_identify(person_detector/src) by extensions ['colcon_pkg']
[0.121s] Level 1:colcon.colcon_core.package_identification:_identify(person_detector/src) by extension 'colcon_pkg'
[0.121s] Level 1:colcon.colcon_core.package_identification:_identify(person_detector/src) by extensions ['colcon_meta']
[0.121s] Level 1:colcon.colcon_core.package_identification:_identify(person_detector/src) by extension 'colcon_meta'
[0.121s] Level 1:colcon.colcon_core.package_identification:_identify(person_detector/src) by extensions ['ros']
[0.121s] Level 1:colcon.colcon_core.package_identification:_identify(person_detector/src) by extension 'ros'
[0.121s] Level 1:colcon.colcon_core.package_identification:_identify(person_detector/src) by extensions ['cmake', 'python']
[0.121s] Level 1:colcon.colcon_core.package_identification:_identify(person_detector/src) by extension 'cmake'
[0.121s] Level 1:colcon.colcon_core.package_identification:_identify(person_detector/src) by extension 'python'
[0.121s] Level 1:colcon.colcon_core.package_identification:_identify(person_detector/src) by extensions ['python_setup_py']
[0.121s] Level 1:colcon.colcon_core.package_identification:_identify(person_detector/src) by extension 'python_setup_py'
[0.122s] Level 1:colcon.colcon_core.package_identification:_identify(person_detector/src/person_detector) by extensions ['ignore', 'ignore_ament_install']
[0.122s] Level 1:colcon.colcon_core.package_identification:_identify(person_detector/src/person_detector) by extension 'ignore'
[0.122s] Level 1:colcon.colcon_core.package_identification:_identify(person_detector/src/person_detector) by extension 'ignore_ament_install'
[0.122s] Level 1:colcon.colcon_core.package_identification:_identify(person_detector/src/person_detector) by extensions ['colcon_pkg']
[0.122s] Level 1:colcon.colcon_core.package_identification:_identify(person_detector/src/person_detector) by extension 'colcon_pkg'
[0.122s] Level 1:colcon.colcon_core.package_identification:_identify(person_detector/src/person_detector) by extensions ['colcon_meta']
[0.122s] Level 1:colcon.colcon_core.package_identification:_identify(person_detector/src/person_detector) by extension 'colcon_meta'
[0.122s] Level 1:colcon.colcon_core.package_identification:_identify(person_detector/src/person_detector) by extensions ['ros']
[0.122s] Level 1:colcon.colcon_core.package_identification:_identify(person_detector/src/person_detector) by extension 'ros'
[0.122s] DEBUG:colcon.colcon_core.package_identification:Package 'person_detector/src/person_detector' with type 'ros.ament_python' and name 'person_detector'
[0.122s] Level 1:colcon.colcon_core.package_identification:_identify(person_detector/tools) by extensions ['ignore', 'ignore_ament_install']
[0.122s] Level 1:colcon.colcon_core.package_identification:_identify(person_detector/tools) by extension 'ignore'
[0.122s] Level 1:colcon.colcon_core.package_identification:_identify(person_detector/tools) by extension 'ignore_ament_install'
[0.122s] Level 1:colcon.colcon_core.package_identification:_identify(person_detector/tools) by extensions ['colcon_pkg']
[0.122s] Level 1:colcon.colcon_core.package_identification:_identify(person_detector/tools) by extension 'colcon_pkg'
[0.122s] Level 1:colcon.colcon_core.package_identification:_identify(person_detector/tools) by extensions ['colcon_meta']
[0.122s] Level 1:colcon.colcon_core.package_identification:_identify(person_detector/tools) by extension 'colcon_meta'
[0.122s] Level 1:colcon.colcon_core.package_identification:_identify(person_detector/tools) by extensions ['ros']
[0.122s] Level 1:colcon.colcon_core.package_identification:_identify(person_detector/tools) by extension 'ros'
[0.122s] Level 1:colcon.colcon_core.package_identification:_identify(person_detector/tools) by extensions ['cmake', 'python']
[0.123s] Level 1:colcon.colcon_core.package_identification:_identify(person_detector/tools) by extension 'cmake'
[0.123s] Level 1:colcon.colcon_core.package_identification:_identify(person_detector/tools) by extension 'python'
[0.123s] Level 1:colcon.colcon_core.package_identification:_identify(person_detector/tools) by extensions ['python_setup_py']
[0.123s] Level 1:colcon.colcon_core.package_identification:_identify(person_detector/tools) by extension 'python_setup_py'
[0.123s] Level 1:colcon.colcon_core.package_identification:_identify(person_detector/venv) by extensions ['ignore', 'ignore_ament_install']
[0.123s] Level 1:colcon.colcon_core.package_identification:_identify(person_detector/venv) by extension 'ignore'
[0.123s] Level 1:colcon.colcon_core.package_identification:_identify(person_detector/venv) ignored
[0.123s] Level 1:colcon.colcon_core.package_discovery:discover_packages(recursive) using defaults
[0.123s] Level 1:colcon.colcon_core.package_discovery:discover_packages(ignore) discover
[0.123s] Level 1:colcon.colcon_core.package_discovery:discover_packages(ignore) using defaults
[0.123s] Level 1:colcon.colcon_core.package_discovery:discover_packages(path) discover
[0.123s] Level 1:colcon.colcon_core.package_discovery:discover_packages(path) using defaults
[0.136s] INFO:colcon.colcon_core.package_selection:Skipping not selected package 'ces_interfaces' in 'follow_master/uwb/src/ces_interfaces'
[0.136s] INFO:colcon.colcon_core.package_selection:Skipping not selected package 'uwb_data_receiver' in 'follow_master/uwb/src/uwb_data_receiver'
[0.137s] Level 1:colcon.colcon_core.package_discovery:discover_packages(prefix_path) check parameters
[0.137s] Level 1:colcon.colcon_core.package_discovery:discover_packages(prefix_path) discover
[0.138s] DEBUG:colcon.colcon_installed_package_information.package_discovery:Found 326 installed packages in /opt/ros/humble
[0.139s] Level 1:colcon.colcon_core.package_discovery:discover_packages(prefix_path) using defaults
[0.165s] Level 5:colcon.colcon_core.verb:set package 'person_detector' build argument 'cmake_args' from command line to 'None'
[0.165s] Level 5:colcon.colcon_core.verb:set package 'person_detector' build argument 'cmake_target' from command line to 'None'
[0.165s] Level 5:colcon.colcon_core.verb:set package 'person_detector' build argument 'cmake_target_skip_unavailable' from command line to 'False'
[0.165s] Level 5:colcon.colcon_core.verb:set package 'person_detector' build argument 'cmake_clean_cache' from command line to 'False'
[0.165s] Level 5:colcon.colcon_core.verb:set package 'person_detector' build argument 'cmake_clean_first' from command line to 'False'
[0.165s] Level 5:colcon.colcon_core.verb:set package 'person_detector' build argument 'cmake_force_configure' from command line to 'False'
[0.165s] Level 5:colcon.colcon_core.verb:set package 'person_detector' build argument 'ament_cmake_args' from command line to 'None'
[0.165s] Level 5:colcon.colcon_core.verb:set package 'person_detector' build argument 'catkin_cmake_args' from command line to 'None'
[0.165s] Level 5:colcon.colcon_core.verb:set package 'person_detector' build argument 'catkin_skip_building_tests' from command line to 'False'
[0.165s] DEBUG:colcon.colcon_core.verb:Building package 'person_detector' with the following arguments: {'ament_cmake_args': None, 'build_base': '/home/kkh/workspace/PersonDetector/build/person_detector', 'catkin_cmake_args': None, 'catkin_skip_building_tests': False, 'cmake_args': None, 'cmake_clean_cache': False, 'cmake_clean_first': False, 'cmake_force_configure': False, 'cmake_target': None, 'cmake_target_skip_unavailable': False, 'install_base': '/home/kkh/workspace/PersonDetector/install/person_detector', 'merge_install': False, 'path': '/home/kkh/workspace/PersonDetector/person_detector/src/person_detector', 'symlink_install': False, 'test_result_base': None}
[0.166s] INFO:colcon.colcon_core.executor:Executing jobs using 'parallel' executor
[0.167s] DEBUG:colcon.colcon_parallel_executor.executor.parallel:run_until_complete
[0.167s] INFO:colcon.colcon_ros.task.ament_python.build:Building ROS package in '/home/kkh/workspace/PersonDetector/person_detector/src/person_detector' with build type 'ament_python'
[0.167s] Level 1:colcon.colcon_core.shell:create_environment_hook('person_detector', 'ament_prefix_path')
[0.169s] INFO:colcon.colcon_core.plugin_system:Skipping extension 'colcon_core.shell.bat': Not used on non-Windows systems
[0.169s] INFO:colcon.colcon_core.shell:Creating environment hook '/home/kkh/workspace/PersonDetector/install/person_detector/share/person_detector/hook/ament_prefix_path.ps1'
[0.170s] INFO:colcon.colcon_core.shell:Creating environment descriptor '/home/kkh/workspace/PersonDetector/install/person_detector/share/person_detector/hook/ament_prefix_path.dsv'
[0.171s] INFO:colcon.colcon_core.shell:Creating environment hook '/home/kkh/workspace/PersonDetector/install/person_detector/share/person_detector/hook/ament_prefix_path.sh'
[0.171s] INFO:colcon.colcon_core.shell:Skip shell extension 'powershell' for command environment: Not usable outside of PowerShell
[0.171s] DEBUG:colcon.colcon_core.shell:Skip shell extension 'dsv' for command environment
[0.361s] INFO:colcon.colcon_core.task.python.build:Building Python package in '/home/kkh/workspace/PersonDetector/person_detector/src/person_detector'
[0.361s] INFO:colcon.colcon_core.shell:Skip shell extension 'powershell' for command environment: Not usable outside of PowerShell
[0.361s] DEBUG:colcon.colcon_core.shell:Skip shell extension 'dsv' for command environment
[0.813s] DEBUG:colcon.colcon_core.event_handler.log_command:Invoking command in '/home/kkh/workspace/PersonDetector/person_detector/src/person_detector': PYTHONPATH=/home/kkh/workspace/PersonDetector/build/person_detector/prefix_override:/usr/lib/python3/dist-packages/colcon_core/task/python/colcon_distutils_commands:/home/kkh/workspace/PersonDetector/install/person_detector/lib/python3.10/site-packages:${PYTHONPATH} /usr/bin/python3 -W ignore:setup.py install is deprecated -W ignore:easy_install command is deprecated setup.py egg_info --egg-base ../../../build/person_detector build --build-base /home/kkh/workspace/PersonDetector/build/person_detector/build install --record /home/kkh/workspace/PersonDetector/build/person_detector/install.log --single-version-externally-managed install_data
[1.174s] DEBUG:colcon.colcon_core.event_handler.log_command:Invoked command in '/home/kkh/workspace/PersonDetector/person_detector/src/person_detector' returned '0': PYTHONPATH=/home/kkh/workspace/PersonDetector/build/person_detector/prefix_override:/usr/lib/python3/dist-packages/colcon_core/task/python/colcon_distutils_commands:/home/kkh/workspace/PersonDetector/install/person_detector/lib/python3.10/site-packages:${PYTHONPATH} /usr/bin/python3 -W ignore:setup.py install is deprecated -W ignore:easy_install command is deprecated setup.py egg_info --egg-base ../../../build/person_detector build --build-base /home/kkh/workspace/PersonDetector/build/person_detector/build install --record /home/kkh/workspace/PersonDetector/build/person_detector/install.log --single-version-externally-managed install_data
[1.176s] Level 1:colcon.colcon_core.environment:checking '/home/kkh/workspace/PersonDetector/install/person_detector' for CMake module files
[1.176s] Level 1:colcon.colcon_core.environment:checking '/home/kkh/workspace/PersonDetector/install/person_detector' for CMake config files
[1.176s] Level 1:colcon.colcon_core.environment:checking '/home/kkh/workspace/PersonDetector/install/person_detector/lib'
[1.177s] Level 1:colcon.colcon_core.environment:checking '/home/kkh/workspace/PersonDetector/install/person_detector/bin'
[1.177s] Level 1:colcon.colcon_core.environment:checking '/home/kkh/workspace/PersonDetector/install/person_detector/lib/pkgconfig/person_detector.pc'
[1.177s] Level 1:colcon.colcon_core.environment:checking '/home/kkh/workspace/PersonDetector/install/person_detector/lib/python3.10/site-packages'
[1.177s] Level 1:colcon.colcon_core.shell:create_environment_hook('person_detector', 'pythonpath')
[1.177s] INFO:colcon.colcon_core.shell:Creating environment hook '/home/kkh/workspace/PersonDetector/install/person_detector/share/person_detector/hook/pythonpath.ps1'
[1.177s] INFO:colcon.colcon_core.shell:Creating environment descriptor '/home/kkh/workspace/PersonDetector/install/person_detector/share/person_detector/hook/pythonpath.dsv'
[1.177s] INFO:colcon.colcon_core.shell:Creating environment hook '/home/kkh/workspace/PersonDetector/install/person_detector/share/person_detector/hook/pythonpath.sh'
[1.178s] Level 1:colcon.colcon_core.environment:checking '/home/kkh/workspace/PersonDetector/install/person_detector/bin'
[1.178s] Level 1:colcon.colcon_core.environment:create_environment_scripts_only(person_detector)
[1.178s] INFO:colcon.colcon_core.shell:Creating package script '/home/kkh/workspace/PersonDetector/install/person_detector/share/person_detector/package.ps1'
[1.179s] INFO:colcon.colcon_core.shell:Creating package descriptor '/home/kkh/workspace/PersonDetector/install/person_detector/share/person_detector/package.dsv'
[1.179s] INFO:colcon.colcon_core.shell:Creating package script '/home/kkh/workspace/PersonDetector/install/person_detector/share/person_detector/package.sh'
[1.179s] INFO:colcon.colcon_core.shell:Creating package script '/home/kkh/workspace/PersonDetector/install/person_detector/share/person_detector/package.bash'
[1.180s] INFO:colcon.colcon_core.shell:Creating package script '/home/kkh/workspace/PersonDetector/install/person_detector/share/person_detector/package.zsh'
[1.180s] Level 1:colcon.colcon_core.environment:create_file_with_runtime_dependencies(/home/kkh/workspace/PersonDetector/install/person_detector/share/colcon-core/packages/person_detector)
[1.180s] DEBUG:colcon.colcon_parallel_executor.executor.parallel:closing loop
[1.181s] DEBUG:colcon.colcon_parallel_executor.executor.parallel:loop closed
[1.181s] DEBUG:colcon.colcon_parallel_executor.executor.parallel:run_until_complete finished with '0'
[1.181s] DEBUG:colcon.colcon_core.event_reactor:joining thread
[1.184s] INFO:colcon.colcon_core.plugin_system:Skipping extension 'colcon_notification.desktop_notification.terminal_notifier': Not used on non-Darwin systems
[1.184s] INFO:colcon.colcon_core.plugin_system:Skipping extension 'colcon_notification.desktop_notification.win32': Not used on non-Windows systems
[1.184s] INFO:colcon.colcon_notification.desktop_notification:Sending desktop notification using 'notify2'
[1.191s] DEBUG:colcon.colcon_core.event_reactor:joined thread
[1.192s] INFO:colcon.colcon_core.shell:Creating prefix script '/home/kkh/workspace/PersonDetector/install/local_setup.ps1'
[1.193s] INFO:colcon.colcon_core.shell:Creating prefix util module '/home/kkh/workspace/PersonDetector/install/_local_setup_util_ps1.py'
[1.193s] INFO:colcon.colcon_core.shell:Creating prefix chain script '/home/kkh/workspace/PersonDetector/install/setup.ps1'
[1.194s] INFO:colcon.colcon_core.shell:Creating prefix script '/home/kkh/workspace/PersonDetector/install/local_setup.sh'
[1.195s] INFO:colcon.colcon_core.shell:Creating prefix util module '/home/kkh/workspace/PersonDetector/install/_local_setup_util_sh.py'
[1.195s] INFO:colcon.colcon_core.shell:Creating prefix chain script '/home/kkh/workspace/PersonDetector/install/setup.sh'
[1.196s] INFO:colcon.colcon_core.shell:Creating prefix script '/home/kkh/workspace/PersonDetector/install/local_setup.bash'
[1.197s] INFO:colcon.colcon_core.shell:Creating prefix chain script '/home/kkh/workspace/PersonDetector/install/setup.bash'
[1.198s] INFO:colcon.colcon_core.shell:Creating prefix script '/home/kkh/workspace/PersonDetector/install/local_setup.zsh'
[1.198s] INFO:colcon.colcon_core.shell:Creating prefix chain script '/home/kkh/workspace/PersonDetector/install/setup.zsh'
